// Jest Snapshot v1, https://goo.gl/fbAQLP

exports[`<NotFound /> structure should match the snapshot 1`] = `
<Layout
  className=""
>
  <div>
    <h2>
      Page not found
    </h2>
    <p>
      Sorry, the page you're looking for can't be found
    </p>
  </div>
</Layout>
`;
