// Jest Snapshot v1, https://goo.gl/fbAQLP

exports[`<Main /> structure should match the snapshot 1`] = `
<div
  className="App"
>
  <Header />
  <div
    className="content"
  >
    React Starting point boilerplate
  </div>
  <Footer />
</div>
`;
